LOG: outputs/intphys_full_20260605_093250.log
=== attempt 1 | CSV 157/361 lines | GPU free 5924 MiB | 09:32:52 ===
/home/michaperki/.local/lib/python3.10/site-packages/timm/models/layers/__init__.py:49: FutureWarning: Importing from timm.models.layers is deprecated, please import via timm.layers
  warnings.warn(f"Importing from {__name__} is deprecated, please import via timm.layers", FutureWarning)
[load] start  RSS=0.68GiB
[load] mmap'd checkpoint  RSS=0.69GiB
[load]   built encoder  RSS=1.82GiB
[load]   moved encoder to cuda  RSS=1.83GiB
[load]   built target_encoder  RSS=2.97GiB
[load]   moved target_encoder to cuda  RSS=4.09GiB
[load]   built predictor  RSS=4.09GiB
[load]   moved predictor to cuda  RSS=4.18GiB
[load] done  RSS=1.83GiB
/usr/lib/python3.10/contextlib.py:103: FutureWarning: `torch.backends.cuda.sdp_kernel()` is deprecated. In the future, this context manager will be removed. Please see `torch.nn.attention.sdpa_kernel()` for the new context manager, with updated signature.
  self.gen = func(*args, **kwds)
Device: cuda
Precision: bf16 (weights=torch.bfloat16)
Source: intphys-dev
Matched groups: 90
Resuming: 156 movies already scored in outputs/intphys_probe_full.csv; skipping those.
O2:10 1 possible loaded motion=0.013559 windows=12 read=100/200 frames resolution=320x320
O2:10 2 possible loaded motion=0.013878 windows=12 read=100/200 frames resolution=320x320
O2:10 3 impossible loaded motion=0.013597 windows=12 read=100/200 frames resolution=320x320
O2:10 4 impossible loaded motion=0.013843 windows=12 read=100/200 frames resolution=320x320
O2:10 pair=1 1 possible localized=0.593215 all=0.609619 differentiable=True active_tokens_mean=512.0
O2:10 pair=1 3 impossible localized=0.594446 all=0.609619 differentiable=True active_tokens_mean=512.0
O2:10 pair=2 2 possible localized=0.592807 all=0.608598 differentiable=True active_tokens_mean=512.0
O2:10 pair=2 4 impossible localized=0.593807 all=0.608598 differentiable=True active_tokens_mean=512.0
O2:11 1 possible loaded motion=0.012714 windows=12 read=100/200 frames resolution=320x320
O2:11 2 possible loaded motion=0.012868 windows=12 read=100/200 frames resolution=320x320
O2:11 3 impossible loaded motion=0.012736 windows=12 read=100/200 frames resolution=320x320
O2:11 4 impossible loaded motion=0.012846 windows=12 read=100/200 frames resolution=320x320
O2:11 pair=1 1 possible localized=0.575439 all=0.608370 differentiable=True active_tokens_mean=640.0
O2:11 pair=1 3 impossible localized=0.576408 all=0.608370 differentiable=True active_tokens_mean=640.0
O2:11 pair=2 2 possible localized=0.580533 all=0.608914 differentiable=True active_tokens_mean=640.0
O2:11 pair=2 4 impossible localized=0.576813 all=0.608914 differentiable=True active_tokens_mean=640.0
O2:12 1 possible loaded motion=0.002918 windows=12 read=100/200 frames resolution=320x320
O2:12 2 impossible loaded motion=0.002892 windows=12 read=100/200 frames resolution=320x320
O2:12 3 impossible loaded motion=0.002764 windows=12 read=100/200 frames resolution=320x320
O2:12 4 possible loaded motion=0.002735 windows=12 read=100/200 frames resolution=320x320
O2:12 pair=1 1 possible localized=0.580375 all=0.580375 differentiable=True active_tokens_mean=1024.0
O2:12 pair=1 2 impossible localized=0.581069 all=0.581069 differentiable=True active_tokens_mean=1024.0
O2:12 pair=4 4 possible localized=0.581069 all=0.581069 differentiable=True active_tokens_mean=1024.0
O2:12 pair=4 3 impossible localized=0.580375 all=0.580375 differentiable=True active_tokens_mean=1024.0
O2:13 1 impossible loaded motion=0.002840 windows=12 read=100/200 frames resolution=320x320
O2:13 2 impossible loaded motion=0.002842 windows=12 read=100/200 frames resolution=320x320
O2:13 3 possible loaded motion=0.002838 windows=12 read=100/200 frames resolution=320x320
O2:13 4 possible loaded motion=0.002843 windows=12 read=100/200 frames resolution=320x320
O2:13 pair=3 3 possible localized=0.585917 all=0.585917 differentiable=True active_tokens_mean=981.3
O2:13 pair=3 1 impossible localized=0.587368 all=0.587367 differentiable=True active_tokens_mean=981.3
O2:13 pair=4 4 possible localized=0.587368 all=0.587367 differentiable=True active_tokens_mean=981.3
O2:13 pair=4 2 impossible localized=0.585668 all=0.585668 differentiable=True active_tokens_mean=981.3
O2:14 1 possible loaded motion=0.002922 windows=12 read=100/200 frames resolution=320x320
O2:14 2 impossible loaded motion=0.002921 windows=12 read=100/200 frames resolution=320x320
O2:14 3 impossible loaded motion=0.002918 windows=12 read=100/200 frames resolution=320x320
O2:14 4 possible loaded motion=0.002918 windows=12 read=100/200 frames resolution=320x320
O2:14 pair=1 1 possible localized=0.569248 all=0.578612 differentiable=True active_tokens_mean=853.3
O2:14 pair=1 3 impossible localized=0.576570 all=0.578612 differentiable=True active_tokens_mean=853.3
O2:14 pair=4 4 possible localized=0.576570 all=0.577421 differentiable=True active_tokens_mean=853.3
O2:14 pair=4 2 impossible localized=0.569248 all=0.577421 differentiable=True active_tokens_mean=853.3
O2:15 1 impossible loaded motion=0.001164 windows=12 read=100/200 frames resolution=320x320
O2:15 2 possible loaded motion=0.001153 windows=12 read=100/200 frames resolution=320x320
O2:15 3 impossible loaded motion=0.001162 windows=12 read=100/200 frames resolution=320x320
O2:15 4 possible loaded motion=0.001156 windows=12 read=100/200 frames resolution=320x320
O2:15 pair=2 2 possible localized=0.571828 all=0.560746 differentiable=True active_tokens_mean=832.0
O2:15 pair=2 3 impossible localized=0.602005 all=0.568753 differentiable=True active_tokens_mean=832.0
O2:15 pair=4 4 possible localized=0.572282 all=0.562803 differentiable=True active_tokens_mean=832.0
O2:15 pair=4 1 impossible localized=0.595072 all=0.567916 differentiable=True active_tokens_mean=832.0
O2:16 1 impossible loaded motion=0.002789 windows=12 read=100/200 frames resolution=320x320
O2:16 2 possible loaded motion=0.002762 windows=12 read=100/200 frames resolution=320x320
O2:16 3 possible loaded motion=0.002841 windows=12 read=100/200 frames resolution=320x320
O2:16 4 impossible loaded motion=0.002831 windows=12 read=100/200 frames resolution=320x320
O2:16 pair=2 2 possible localized=0.579016 all=0.579163 differentiable=True active_tokens_mean=768.0
O2:16 pair=2 1 impossible localized=0.581444 all=0.579163 differentiable=True active_tokens_mean=768.0
O2:16 pair=3 3 possible localized=0.580833 all=0.580345 differentiable=True active_tokens_mean=768.0
O2:16 pair=3 4 impossible localized=0.579082 all=0.579543 differentiable=True active_tokens_mean=768.0
O2:17 1 possible loaded motion=0.011611 windows=12 read=100/200 frames resolution=320x320
O2:17 2 impossible loaded motion=0.011637 windows=12 read=100/200 frames resolution=320x320
O2:17 3 impossible loaded motion=0.011836 windows=12 read=100/200 frames resolution=320x320
O2:17 4 possible loaded motion=0.011862 windows=12 read=100/200 frames resolution=320x320
O2:17 pair=1 1 possible localized=0.588031 all=0.605380 differentiable=True active_tokens_mean=512.0
O2:17 pair=1 2 impossible localized=0.588915 all=0.605380 differentiable=True active_tokens_mean=512.0
O2:17 pair=4 4 possible localized=0.586698 all=0.605658 differentiable=True active_tokens_mean=512.0
O2:17 pair=4 3 impossible localized=0.587563 all=0.605658 differentiable=True active_tokens_mean=512.0
O2:18 1 possible loaded motion=0.001770 windows=12 read=100/200 frames resolution=320x320
O2:18 2 possible loaded motion=0.001963 windows=12 read=100/200 frames resolution=320x320
O2:18 3 impossible loaded motion=0.001919 windows=12 read=100/200 frames resolution=320x320
O2:18 4 impossible loaded motion=0.001827 windows=12 read=100/200 frames resolution=320x320
O2:18 pair=1 1 possible localized=0.589713 all=0.580639 differentiable=True active_tokens_mean=682.7
O2:18 pair=1 4 impossible localized=0.600070 all=0.585726 differentiable=True active_tokens_mean=682.7
O2:18 pair=2 2 possible localized=0.605971 all=0.591354 differentiable=True active_tokens_mean=682.7
O2:18 pair=2 3 impossible localized=0.590681 all=0.582185 differentiable=True active_tokens_mean=682.7
O2:19 1 possible loaded motion=0.013850 windows=12 read=100/200 frames resolution=320x320
O2:19 2 impossible loaded motion=0.013789 windows=12 read=100/200 frames resolution=320x320
O2:19 3 possible loaded motion=0.013807 windows=12 read=100/200 frames resolution=320x320
O2:19 4 impossible loaded motion=0.013867 windows=12 read=100/200 frames resolution=320x320
O2:19 pair=1 1 possible localized=0.613041 all=0.613041 differentiable=True active_tokens_mean=981.3
O2:19 pair=1 4 impossible localized=0.611627 all=0.611627 differentiable=True active_tokens_mean=981.3
O2:19 pair=3 3 possible localized=0.611627 all=0.611627 differentiable=True active_tokens_mean=981.3
O2:19 pair=3 2 impossible localized=0.613041 all=0.613041 differentiable=True active_tokens_mean=981.3
O2:20 1 impossible loaded motion=0.001714 windows=12 read=100/200 frames resolution=320x320
O2:20 2 possible loaded motion=0.001865 windows=12 read=100/200 frames resolution=320x320
O2:20 3 possible loaded motion=0.001594 windows=12 read=100/200 frames resolution=320x320
O2:20 4 impossible loaded motion=0.001754 windows=12 read=100/200 frames resolution=320x320
O2:20 pair=2 2 possible localized=0.563273 all=0.575245 differentiable=True active_tokens_mean=896.0
O2:20 pair=2 4 impossible localized=0.560626 all=0.575245 differentiable=True active_tokens_mean=896.0
O2:20 pair=3 3 possible localized=0.562642 all=0.573121 differentiable=True active_tokens_mean=896.0
O2:20 pair=3 1 impossible localized=0.563273 all=0.573121 differentiable=True active_tokens_mean=896.0
O2:21 1 impossible loaded motion=0.017391 windows=12 read=100/200 frames resolution=320x320
O2:21 2 impossible loaded motion=0.017402 windows=12 read=100/200 frames resolution=320x320
O2:21 3 possible loaded motion=0.017176 windows=12 read=100/200 frames resolution=320x320
O2:21 4 possible loaded motion=0.017616 windows=12 read=100/200 frames resolution=320x320
O2:21 pair=3 3 possible localized=0.618023 all=0.618023 differentiable=True active_tokens_mean=896.0
O2:21 pair=3 1 impossible localized=0.617517 all=0.617517 differentiable=True active_tokens_mean=896.0
O2:21 pair=4 4 possible localized=0.617517 all=0.617517 differentiable=True active_tokens_mean=896.0
O2:21 pair=4 2 impossible localized=0.618023 all=0.618023 differentiable=True active_tokens_mean=896.0
O2:22 1 possible loaded motion=0.002246 windows=12 read=100/200 frames resolution=320x320
O2:22 2 possible loaded motion=0.002042 windows=12 read=100/200 frames resolution=320x320
O2:22 3 impossible loaded motion=0.002164 windows=12 read=100/200 frames resolution=320x320
O2:22 4 impossible loaded motion=0.002134 windows=12 read=100/200 frames resolution=320x320
O2:22 pair=1 1 possible localized=0.577116 all=0.577116 differentiable=True active_tokens_mean=972.8
O2:22 pair=1 3 impossible localized=0.573858 all=0.573858 differentiable=True active_tokens_mean=972.8
O2:22 pair=2 2 possible localized=0.573858 all=0.573858 differentiable=True active_tokens_mean=972.8
O2:22 pair=2 4 impossible localized=0.577116 all=0.577116 differentiable=True active_tokens_mean=972.8
O2:23 1 impossible loaded motion=0.002734 windows=12 read=100/200 frames resolution=320x320
O2:23 2 possible loaded motion=0.002740 windows=12 read=100/200 frames resolution=320x320
O2:23 3 impossible loaded motion=0.002754 windows=12 read=100/200 frames resolution=320x320
O2:23 4 possible loaded motion=0.002747 windows=12 read=100/200 frames resolution=320x320
O2:23 pair=2 2 possible localized=0.575659 all=0.576878 differentiable=True active_tokens_mean=921.6
O2:23 pair=2 1 impossible localized=0.576524 all=0.576878 differentiable=True active_tokens_mean=921.6
O2:23 pair=4 4 possible localized=0.578632 all=0.581035 differentiable=True active_tokens_mean=921.6
O2:23 pair=4 3 impossible localized=0.577987 all=0.581035 differentiable=True active_tokens_mean=921.6
O2:24 1 impossible loaded motion=0.001184 windows=12 read=100/200 frames resolution=320x320
O2:24 2 possible loaded motion=0.001144 windows=12 read=100/200 frames resolution=320x320
O2:24 3 possible loaded motion=0.001151 windows=12 read=100/200 frames resolution=320x320
O2:24 4 impossible loaded motion=0.001178 windows=12 read=100/200 frames resolution=320x320
O2:24 pair=2 2 possible localized=0.566201 all=0.563423 differentiable=True active_tokens_mean=768.0
O2:24 pair=2 4 impossible localized=0.567647 all=0.563423 differentiable=True active_tokens_mean=768.0
O2:24 pair=3 3 possible localized=0.566391 all=0.562133 differentiable=True active_tokens_mean=768.0
O2:24 pair=3 1 impossible localized=0.570373 all=0.564616 differentiable=True active_tokens_mean=768.0
O2:25 1 possible loaded motion=0.003317 windows=12 read=100/200 frames resolution=320x320
O2:25 2 impossible loaded motion=0.003304 windows=12 read=100/200 frames resolution=320x320
O2:25 3 possible loaded motion=0.003215 windows=12 read=100/200 frames resolution=320x320
O2:25 4 impossible loaded motion=0.003236 windows=12 read=100/200 frames resolution=320x320
O2:25 pair=1 1 possible localized=0.579448 all=0.581016 differentiable=True active_tokens_mean=512.0
O2:25 pair=1 2 impossible localized=0.575347 all=0.581016 differentiable=True active_tokens_mean=512.0
O2:25 pair=3 3 possible localized=0.574472 all=0.576361 differentiable=True active_tokens_mean=512.0
O2:25 pair=3 4 impossible localized=0.578883 all=0.576361 differentiable=True active_tokens_mean=512.0
O2:26 1 impossible loaded motion=0.003874 windows=12 read=100/200 frames resolution=320x320
O2:26 2 impossible loaded motion=0.003988 windows=12 read=100/200 frames resolution=320x320
O2:26 3 possible loaded motion=0.003975 windows=12 read=100/200 frames resolution=320x320
O2:26 4 possible loaded motion=0.003883 windows=12 read=100/200 frames resolution=320x320
O2:26 pair=3 3 possible localized=0.565051 all=0.574847 differentiable=True active_tokens_mean=512.0
O2:26 pair=3 2 impossible localized=0.562511 all=0.574847 differentiable=True active_tokens_mean=512.0
O2:26 pair=4 4 possible localized=0.562974 all=0.573716 differentiable=True active_tokens_mean=512.0
O2:26 pair=4 1 impossible localized=0.562089 all=0.573716 differentiable=True active_tokens_mean=512.0
O2:27 1 possible loaded motion=0.002695 windows=12 read=100/200 frames resolution=320x320
O2:27 2 impossible loaded motion=0.002709 windows=12 read=100/200 frames resolution=320x320
O2:27 3 possible loaded motion=0.002721 windows=12 read=100/200 frames resolution=320x320
O2:27 4 impossible loaded motion=0.002708 windows=12 read=100/200 frames resolution=320x320
O2:27 pair=1 1 possible localized=0.579150 all=0.581533 differentiable=True active_tokens_mean=1024.0
O2:27 pair=1 4 impossible localized=0.580963 all=0.581533 differentiable=True active_tokens_mean=1024.0
O2:27 pair=3 3 possible localized=0.581959 all=0.584411 differentiable=True active_tokens_mean=1024.0
O2:27 pair=3 2 impossible localized=0.580002 all=0.584411 differentiable=True active_tokens_mean=1024.0
O2:28 1 possible loaded motion=0.014627 windows=12 read=100/200 frames resolution=320x320
O2:28 2 impossible loaded motion=0.014867 windows=12 read=100/200 frames resolution=320x320
O2:28 3 possible loaded motion=0.015017 windows=12 read=100/200 frames resolution=320x320
O2:28 4 impossible loaded motion=0.014776 windows=12 read=100/200 frames resolution=320x320
O2:28 pair=1 1 possible localized=0.612239 all=0.612239 differentiable=True active_tokens_mean=1024.0
O2:28 pair=1 4 impossible localized=0.612378 all=0.612378 differentiable=True active_tokens_mean=1024.0
O2:28 pair=3 3 possible localized=0.612378 all=0.612378 differentiable=True active_tokens_mean=1024.0
O2:28 pair=3 2 impossible localized=0.612239 all=0.612239 differentiable=True active_tokens_mean=1024.0
O2:29 1 impossible loaded motion=0.001667 windows=12 read=100/200 frames resolution=320x320
O2:29 2 impossible loaded motion=0.001794 windows=12 read=100/200 frames resolution=320x320
O2:29 3 possible loaded motion=0.001822 windows=12 read=100/200 frames resolution=320x320
O2:29 4 possible loaded motion=0.001636 windows=12 read=100/200 frames resolution=320x320
O2:29 pair=3 3 possible localized=0.577338 all=0.577338 differentiable=True active_tokens_mean=896.0
O2:29 pair=3 2 impossible localized=0.585723 all=0.585723 differentiable=True active_tokens_mean=896.0
O2:29 pair=4 4 possible localized=0.585723 all=0.585723 differentiable=True active_tokens_mean=896.0
O2:29 pair=4 1 impossible localized=0.577338 all=0.577338 differentiable=True active_tokens_mean=896.0
O2:30 1 impossible loaded motion=0.014758 windows=12 read=100/200 frames resolution=320x320
O2:30 2 impossible loaded motion=0.014738 windows=12 read=100/200 frames resolution=320x320
O2:30 3 possible loaded motion=0.014644 windows=12 read=100/200 frames resolution=320x320
O2:30 4 possible loaded motion=0.014852 windows=12 read=100/200 frames resolution=320x320
O2:30 pair=3 3 possible localized=0.621359 all=0.621360 differentiable=True active_tokens_mean=981.3
O2:30 pair=3 1 impossible localized=0.621311 all=0.621311 differentiable=True active_tokens_mean=981.3
O2:30 pair=4 4 possible localized=0.621311 all=0.621311 differentiable=True active_tokens_mean=981.3
O2:30 pair=4 2 impossible localized=0.621359 all=0.621360 differentiable=True active_tokens_mean=981.3
O3:01 1 impossible loaded motion=0.005649 windows=12 read=100/200 frames resolution=320x320
O3:01 2 impossible loaded motion=0.005656 windows=12 read=100/200 frames resolution=320x320
O3:01 3 possible loaded motion=0.005651 windows=12 read=100/200 frames resolution=320x320
O3:01 4 possible loaded motion=0.005655 windows=12 read=100/200 frames resolution=320x320
O3:01 pair=3 3 possible localized=0.591858 all=0.591858 differentiable=True active_tokens_mean=938.7
O3:01 pair=3 1 impossible localized=0.591353 all=0.591353 differentiable=True active_tokens_mean=938.7
O3:01 pair=4 4 possible localized=0.591353 all=0.591798 differentiable=True active_tokens_mean=938.7
O3:01 pair=4 2 impossible localized=0.591858 all=0.591858 differentiable=True active_tokens_mean=938.7
O3:02 1 impossible loaded motion=0.004196 windows=12 read=100/200 frames resolution=320x320
O3:02 2 possible loaded motion=0.004201 windows=12 read=100/200 frames resolution=320x320
O3:02 3 impossible loaded motion=0.004196 windows=12 read=100/200 frames resolution=320x320
O3:02 4 possible loaded motion=0.004191 windows=12 read=100/200 frames resolution=320x320
O3:02 pair=2 2 possible localized=0.592264 all=0.592264 differentiable=True active_tokens_mean=981.3
O3:02 pair=2 1 impossible localized=0.592238 all=0.592238 differentiable=True active_tokens_mean=981.3
O3:02 pair=4 4 possible localized=0.592235 all=0.592235 differentiable=True active_tokens_mean=981.3
O3:02 pair=4 3 impossible localized=0.592057 all=0.592057 differentiable=True active_tokens_mean=981.3
O3:03 1 possible loaded motion=0.001574 windows=12 read=100/200 frames resolution=320x320
O3:03 2 impossible loaded motion=0.001539 windows=12 read=100/200 frames resolution=320x320
O3:03 3 impossible loaded motion=0.001588 windows=12 read=100/200 frames resolution=320x320
O3:03 4 possible loaded motion=0.001540 windows=12 read=100/200 frames resolution=320x320
O3:03 pair=1 1 possible localized=0.578207 all=0.586264 differentiable=True active_tokens_mean=853.3
O3:03 pair=1 3 impossible localized=0.579805 all=0.586264 differentiable=True active_tokens_mean=853.3
O3:03 pair=4 4 possible localized=0.588995 all=0.588995 differentiable=True active_tokens_mean=853.3
O3:03 pair=4 2 impossible localized=0.596625 all=0.596625 differentiable=True active_tokens_mean=853.3
O3:04 1 possible loaded motion=0.008391 windows=12 read=100/200 frames resolution=320x320
O3:04 2 possible loaded motion=0.008404 windows=12 read=100/200 frames resolution=320x320
O3:04 3 impossible loaded motion=0.008389 windows=12 read=100/200 frames resolution=320x320
O3:04 4 impossible loaded motion=0.008406 windows=12 read=100/200 frames resolution=320x320
O3:04 pair=1 1 possible localized=0.581451 all=0.611378 differentiable=True active_tokens_mean=768.0
O3:04 pair=1 3 impossible localized=0.582781 all=0.611378 differentiable=True active_tokens_mean=768.0
O3:04 pair=2 2 possible localized=0.582287 all=0.610813 differentiable=True active_tokens_mean=768.0
O3:04 pair=2 4 impossible localized=0.583593 all=0.610813 differentiable=True active_tokens_mean=768.0
O3:05 1 possible loaded motion=0.001835 windows=12 read=100/200 frames resolution=320x320
O3:05 2 impossible loaded motion=0.001834 windows=12 read=100/200 frames resolution=320x320
O3:05 3 possible loaded motion=0.001868 windows=12 read=100/200 frames resolution=320x320
O3:05 4 impossible loaded motion=0.001872 windows=12 read=100/200 frames resolution=320x320
O3:05 pair=1 1 possible localized=0.590907 all=0.590374 differentiable=True active_tokens_mean=597.3
O3:05 pair=1 2 impossible localized=0.591136 all=0.590374 differentiable=True active_tokens_mean=597.3
O3:05 pair=3 3 possible localized=0.586755 all=0.590216 differentiable=True active_tokens_mean=597.3
O3:05 pair=3 4 impossible localized=0.588145 all=0.590216 differentiable=True active_tokens_mean=597.3
O3:06 1 possible loaded motion=0.002429 windows=12 read=100/200 frames resolution=320x320
O3:06 2 possible loaded motion=0.002458 windows=12 read=100/200 frames resolution=320x320
O3:06 3 impossible loaded motion=0.002333 windows=12 read=100/200 frames resolution=320x320
O3:06 4 impossible loaded motion=0.002565 windows=12 read=100/200 frames resolution=320x320
O3:06 pair=1 1 possible localized=0.578091 all=0.595629 differentiable=True active_tokens_mean=981.3
O3:06 pair=1 4 impossible localized=0.583144 all=0.595629 differentiable=True active_tokens_mean=981.3
O3:06 pair=2 2 possible localized=0.585456 all=0.590335 differentiable=True active_tokens_mean=981.3
O3:06 pair=2 3 impossible localized=0.582310 all=0.590335 differentiable=True active_tokens_mean=981.3
O3:07 1 possible loaded motion=0.001157 windows=12 read=100/200 frames resolution=320x320
O3:07 2 possible loaded motion=0.001163 windows=12 read=100/200 frames resolution=320x320
O3:07 3 impossible loaded motion=0.001180 windows=12 read=100/200 frames resolution=320x320
O3:07 4 impossible loaded motion=0.001185 windows=12 read=100/200 frames resolution=320x320
O3:07 pair=1 1 possible localized=0.575309 all=0.575309 differentiable=True active_tokens_mean=1024.0
O3:07 pair=1 3 impossible localized=0.568716 all=0.576633 differentiable=True active_tokens_mean=1024.0
O3:07 pair=2 2 possible localized=0.568716 all=0.568768 differentiable=True active_tokens_mean=1024.0
O3:07 pair=2 4 impossible localized=0.575309 all=0.575309 differentiable=True active_tokens_mean=1024.0
O3:08 1 impossible loaded motion=0.004131 windows=12 read=100/200 frames resolution=320x320
O3:08 2 impossible loaded motion=0.004134 windows=12 read=100/200 frames resolution=320x320
O3:08 3 possible loaded motion=0.004139 windows=12 read=100/200 frames resolution=320x320
O3:08 4 possible loaded motion=0.004127 windows=12 read=100/200 frames resolution=320x320
O3:08 pair=3 3 possible localized=0.587800 all=0.590617 differentiable=True active_tokens_mean=832.0
O3:08 pair=3 2 impossible localized=0.585466 all=0.590617 differentiable=True active_tokens_mean=832.0
O3:08 pair=4 4 possible localized=0.585466 all=0.595152 differentiable=True active_tokens_mean=832.0
O3:08 pair=4 1 impossible localized=0.587800 all=0.595152 differentiable=True active_tokens_mean=832.0
O3:09 1 impossible loaded motion=0.008669 windows=12 read=100/200 frames resolution=320x320
O3:09 2 possible loaded motion=0.008675 windows=12 read=100/200 frames resolution=320x320
O3:09 3 possible loaded motion=0.008671 windows=12 read=100/200 frames resolution=320x320
O3:09 4 impossible loaded motion=0.008676 windows=12 read=100/200 frames resolution=320x320
O3:09 pair=2 2 possible localized=0.570347 all=0.608196 differentiable=True active_tokens_mean=896.0
O3:09 pair=2 4 impossible localized=0.570812 all=0.608196 differentiable=True active_tokens_mean=896.0
O3:09 pair=3 3 possible localized=0.572119 all=0.610097 differentiable=True active_tokens_mean=896.0
O3:09 pair=3 1 impossible localized=0.570074 all=0.610097 differentiable=True active_tokens_mean=896.0
O3:10 1 possible loaded motion=0.006127 windows=12 read=100/200 frames resolution=320x320
O3:10 2 impossible loaded motion=0.006130 windows=12 read=100/200 frames resolution=320x320
O3:10 3 impossible loaded motion=0.006128 windows=12 read=100/200 frames resolution=320x320
O3:10 4 possible loaded motion=0.006131 windows=12 read=100/200 frames resolution=320x320
O3:10 pair=1 1 possible localized=0.590723 all=0.603118 differentiable=True active_tokens_mean=972.8
O3:10 pair=1 2 impossible localized=0.595201 all=0.603118 differentiable=True active_tokens_mean=972.8
O3:10 pair=4 4 possible localized=0.595201 all=0.602425 differentiable=True active_tokens_mean=972.8
O3:10 pair=4 3 impossible localized=0.590723 all=0.602425 differentiable=True active_tokens_mean=972.8
O3:11 1 impossible loaded motion=0.002929 windows=12 read=100/200 frames resolution=320x320
O3:11 2 possible loaded motion=0.003044 windows=12 read=100/200 frames resolution=320x320
O3:11 3 impossible loaded motion=0.003210 windows=12 read=100/200 frames resolution=320x320
O3:11 4 possible loaded motion=0.003067 windows=12 read=100/200 frames resolution=320x320
O3:11 pair=2 2 possible localized=0.585283 all=0.585283 differentiable=True active_tokens_mean=1024.0
O3:11 pair=2 1 impossible localized=0.586722 all=0.586722 differentiable=True active_tokens_mean=1024.0
O3:11 pair=4 4 possible localized=0.586722 all=0.586722 differentiable=True active_tokens_mean=1024.0
O3:11 pair=4 3 impossible localized=0.585283 all=0.585283 differentiable=True active_tokens_mean=1024.0
O3:12 1 impossible loaded motion=0.001219 windows=12 read=100/200 frames resolution=320x320
O3:12 2 possible loaded motion=0.001177 windows=12 read=100/200 frames resolution=320x320
O3:12 3 impossible loaded motion=0.001218 windows=12 read=100/200 frames resolution=320x320
O3:12 4 possible loaded motion=0.001175 windows=12 read=100/200 frames resolution=320x320
O3:12 pair=2 2 possible localized=0.568343 all=0.570392 differentiable=True active_tokens_mean=896.0
O3:12 pair=2 1 impossible localized=0.578925 all=0.581349 differentiable=True active_tokens_mean=896.0
O3:12 pair=4 4 possible localized=0.578925 all=0.578925 differentiable=True active_tokens_mean=896.0
O3:12 pair=4 3 impossible localized=0.578278 all=0.580283 differentiable=True active_tokens_mean=896.0
O3:13 1 possible loaded motion=0.003372 windows=12 read=100/200 frames resolution=320x320
O3:13 2 impossible loaded motion=0.003287 windows=12 read=100/200 frames resolution=320x320
O3:13 3 possible loaded motion=0.003363 windows=12 read=100/200 frames resolution=320x320
O3:13 4 impossible loaded motion=0.003458 windows=12 read=100/200 frames resolution=320x320
O3:13 pair=1 1 possible localized=0.601148 all=0.593685 differentiable=True active_tokens_mean=870.4
O3:13 pair=1 2 impossible localized=0.600664 all=0.593685 differentiable=True active_tokens_mean=870.4
O3:13 pair=3 3 possible localized=0.597035 all=0.591946 differentiable=True active_tokens_mean=870.4
O3:13 pair=3 4 impossible localized=0.600797 all=0.591946 differentiable=True active_tokens_mean=870.4
O3:14 1 impossible loaded motion=0.008131 windows=12 read=100/200 frames resolution=320x320
O3:14 2 impossible loaded motion=0.008107 windows=12 read=100/200 frames resolution=320x320
O3:14 3 possible loaded motion=0.008132 windows=12 read=100/200 frames resolution=320x320
O3:14 4 possible loaded motion=0.008106 windows=12 read=100/200 frames resolution=320x320
O3:14 pair=3 3 possible localized=0.578067 all=0.602148 differentiable=True active_tokens_mean=512.0
O3:14 pair=3 1 impossible localized=0.576206 all=0.602148 differentiable=True active_tokens_mean=512.0
O3:14 pair=4 4 possible localized=0.576895 all=0.601457 differentiable=True active_tokens_mean=512.0
O3:14 pair=4 2 impossible localized=0.580062 all=0.601457 differentiable=True active_tokens_mean=512.0
O3:15 1 possible loaded motion=0.001843 windows=12 read=100/200 frames resolution=320x320
O3:15 2 impossible loaded motion=0.001844 windows=12 read=100/200 frames resolution=320x320
O3:15 3 impossible loaded motion=0.001917 windows=12 read=100/200 frames resolution=320x320
O3:15 4 possible loaded motion=0.001917 windows=12 read=100/200 frames resolution=320x320
O3:15 pair=1 1 possible localized=0.591335 all=0.599137 differentiable=True active_tokens_mean=768.0
O3:15 pair=1 2 impossible localized=0.589309 all=0.599137 differentiable=True active_tokens_mean=768.0
O3:15 pair=4 4 possible localized=0.585373 all=0.583792 differentiable=True active_tokens_mean=768.0
O3:15 pair=4 3 impossible localized=0.588223 all=0.587055 differentiable=True active_tokens_mean=768.0
O3:16 1 impossible loaded motion=0.001237 windows=12 read=100/200 frames resolution=320x320
O3:16 2 possible loaded motion=0.001207 windows=12 read=100/200 frames resolution=320x320
O3:16 3 impossible loaded motion=0.001238 windows=12 read=100/200 frames resolution=320x320
O3:16 4 possible loaded motion=0.001209 windows=12 read=100/200 frames resolution=320x320
O3:16 pair=2 2 possible localized=0.576724 all=0.576725 differentiable=True active_tokens_mean=1024.0
O3:16 pair=2 1 impossible localized=0.569664 all=0.579789 differentiable=True active_tokens_mean=1024.0
O3:16 pair=4 4 possible localized=0.569664 all=0.569664 differentiable=True active_tokens_mean=1024.0
O3:16 pair=4 3 impossible localized=0.576724 all=0.579310 differentiable=True active_tokens_mean=1024.0
O3:17 1 impossible loaded motion=0.004006 windows=12 read=100/200 frames resolution=320x320
O3:17 2 possible loaded motion=0.003696 windows=12 read=100/200 frames resolution=320x320
O3:17 3 possible loaded motion=0.003632 windows=12 read=100/200 frames resolution=320x320
O3:17 4 impossible loaded motion=0.003369 windows=12 read=100/200 frames resolution=320x320
O3:17 pair=2 2 possible localized=0.584075 all=0.598198 differentiable=True active_tokens_mean=972.8
O3:17 pair=2 1 impossible localized=0.580821 all=0.580821 differentiable=True active_tokens_mean=972.8
O3:17 pair=3 3 possible localized=0.580821 all=0.580821 differentiable=True active_tokens_mean=972.8
O3:17 pair=3 4 impossible localized=0.583591 all=0.597013 differentiable=True active_tokens_mean=972.8
O3:18 1 impossible loaded motion=0.010153 windows=12 read=100/200 frames resolution=320x320
O3:18 2 impossible loaded motion=0.010462 windows=12 read=100/200 frames resolution=320x320
O3:18 3 possible loaded motion=0.010271 windows=12 read=100/200 frames resolution=320x320
O3:18 4 possible loaded motion=0.010344 windows=12 read=100/200 frames resolution=320x320
O3:18 pair=3 3 possible localized=0.618429 all=0.618429 differentiable=True active_tokens_mean=960.0
O3:18 pair=3 2 impossible localized=0.618000 all=0.618000 differentiable=True active_tokens_mean=960.0
O3:18 pair=4 4 possible localized=0.618000 all=0.618000 differentiable=True active_tokens_mean=960.0
O3:18 pair=4 1 impossible localized=0.618429 all=0.618429 differentiable=True active_tokens_mean=960.0
O3:19 1 impossible loaded motion=0.006085 windows=12 read=100/200 frames resolution=320x320
O3:19 2 possible loaded motion=0.006085 windows=12 read=100/200 frames resolution=320x320
O3:19 3 possible loaded motion=0.006072 windows=12 read=100/200 frames resolution=320x320
O3:19 4 impossible loaded motion=0.006073 windows=12 read=100/200 frames resolution=320x320
O3:19 pair=2 2 possible localized=0.601417 all=0.601417 differentiable=True active_tokens_mean=832.0
O3:19 pair=2 1 impossible localized=0.599191 all=0.599191 differentiable=True active_tokens_mean=832.0
O3:19 pair=3 3 possible localized=0.598006 all=0.598006 differentiable=True active_tokens_mean=832.0
O3:19 pair=3 4 impossible localized=0.600209 all=0.600209 differentiable=True active_tokens_mean=832.0
O3:20 1 impossible loaded motion=0.011318 windows=12 read=100/200 frames resolution=320x320
O3:20 2 possible loaded motion=0.011319 windows=12 read=100/200 frames resolution=320x320
O3:20 3 possible loaded motion=0.011318 windows=12 read=100/200 frames resolution=320x320
O3:20 4 impossible loaded motion=0.011318 windows=12 read=100/200 frames resolution=320x320
O3:20 pair=2 2 possible localized=0.582634 all=0.606843 differentiable=True active_tokens_mean=512.0
O3:20 pair=2 1 impossible localized=0.583776 all=0.606843 differentiable=True active_tokens_mean=512.0
O3:20 pair=3 3 possible localized=0.585924 all=0.606854 differentiable=True active_tokens_mean=512.0
O3:20 pair=3 4 impossible localized=0.584305 all=0.606854 differentiable=True active_tokens_mean=512.0
O3:21 1 possible loaded motion=0.001468 windows=12 read=100/200 frames resolution=320x320
O3:21 2 impossible loaded motion=0.001488 windows=12 read=100/200 frames resolution=320x320
O3:21 3 possible loaded motion=0.001368 windows=12 read=100/200 frames resolution=320x320
O3:21 4 impossible loaded motion=0.001350 windows=12 read=100/200 frames resolution=320x320
O3:21 pair=1 1 possible localized=0.593325 all=0.585113 differentiable=True active_tokens_mean=768.0
O3:21 pair=1 2 impossible localized=0.593266 all=0.584912 differentiable=True active_tokens_mean=768.0
O3:21 pair=3 3 possible localized=0.604684 all=0.587497 differentiable=True active_tokens_mean=768.0
O3:21 pair=3 4 impossible localized=0.608818 all=0.594637 differentiable=True active_tokens_mean=768.0
O3:22 1 impossible loaded motion=0.012093 windows=12 read=100/200 frames resolution=320x320
O3:22 2 possible loaded motion=0.012014 windows=12 read=100/200 frames resolution=320x320
O3:22 3 possible loaded motion=0.012002 windows=12 read=100/200 frames resolution=320x320
O3:22 4 impossible loaded motion=0.011923 windows=12 read=100/200 frames resolution=320x320
O3:22 pair=2 2 possible localized=0.614804 all=0.623035 differentiable=True active_tokens_mean=1024.0
O3:22 pair=2 4 impossible localized=0.614543 all=0.623035 differentiable=True active_tokens_mean=1024.0
O3:22 pair=3 3 possible localized=0.614543 all=0.614543 differentiable=True active_tokens_mean=1024.0
O3:22 pair=3 1 impossible localized=0.614804 all=0.614804 differentiable=True active_tokens_mean=1024.0
O3:23 1 possible loaded motion=0.012936 windows=12 read=100/200 frames resolution=320x320
O3:23 2 impossible loaded motion=0.013083 windows=12 read=100/200 frames resolution=320x320
O3:23 3 possible loaded motion=0.012885 windows=12 read=100/200 frames resolution=320x320
O3:23 4 impossible loaded motion=0.012739 windows=12 read=100/200 frames resolution=320x320
O3:23 pair=1 1 possible localized=0.620444 all=0.620444 differentiable=True active_tokens_mean=921.6
O3:23 pair=1 4 impossible localized=0.618217 all=0.618217 differentiable=True active_tokens_mean=921.6
O3:23 pair=3 3 possible localized=0.618217 all=0.618217 differentiable=True active_tokens_mean=921.6
O3:23 pair=3 2 impossible localized=0.620444 all=0.620444 differentiable=True active_tokens_mean=921.6
O3:24 1 possible loaded motion=0.011031 windows=12 read=100/200 frames resolution=320x320
O3:24 2 possible loaded motion=0.011078 windows=12 read=100/200 frames resolution=320x320
O3:24 3 impossible loaded motion=0.010851 windows=12 read=100/200 frames resolution=320x320
O3:24 4 impossible loaded motion=0.011258 windows=12 read=100/200 frames resolution=320x320
O3:24 pair=1 1 possible localized=0.617917 all=0.617917 differentiable=True active_tokens_mean=921.6
O3:24 pair=1 3 impossible localized=0.616673 all=0.616673 differentiable=True active_tokens_mean=921.6
O3:24 pair=2 2 possible localized=0.616673 all=0.616673 differentiable=True active_tokens_mean=921.6
O3:24 pair=2 4 impossible localized=0.617917 all=0.617917 differentiable=True active_tokens_mean=921.6
O3:25 1 possible loaded motion=0.001720 windows=12 read=100/200 frames resolution=320x320
O3:25 2 impossible loaded motion=0.001724 windows=12 read=100/200 frames resolution=320x320
O3:25 3 possible loaded motion=0.001678 windows=12 read=100/200 frames resolution=320x320
O3:25 4 impossible loaded motion=0.001675 windows=12 read=100/200 frames resolution=320x320
O3:25 pair=1 1 possible localized=0.586054 all=0.583349 differentiable=True active_tokens_mean=512.0
O3:25 pair=1 2 impossible localized=0.587801 all=0.585220 differentiable=True active_tokens_mean=512.0
O3:25 pair=3 3 possible localized=0.603094 all=0.597316 differentiable=True active_tokens_mean=512.0
O3:25 pair=3 4 impossible localized=0.606463 all=0.602582 differentiable=True active_tokens_mean=512.0
O3:26 1 impossible loaded motion=0.001204 windows=12 read=100/200 frames resolution=320x320
O3:26 2 possible loaded motion=0.001168 windows=12 read=100/200 frames resolution=320x320
O3:26 3 possible loaded motion=0.001175 windows=12 read=100/200 frames resolution=320x320
O3:26 4 impossible loaded motion=0.001208 windows=12 read=100/200 frames resolution=320x320
O3:26 pair=2 2 possible localized=0.560711 all=0.560711 differentiable=True active_tokens_mean=768.0
O3:26 pair=2 1 impossible localized=0.575898 all=0.564047 differentiable=True active_tokens_mean=768.0
O3:26 pair=3 3 possible localized=0.557361 all=0.557361 differentiable=True active_tokens_mean=768.0
O3:26 pair=3 4 impossible localized=0.578529 all=0.567590 differentiable=True active_tokens_mean=768.0
O3:27 1 impossible loaded motion=0.001194 windows=12 read=100/200 frames resolution=320x320
O3:27 2 possible loaded motion=0.001171 windows=12 read=100/200 frames resolution=320x320
O3:27 3 impossible loaded motion=0.001192 windows=12 read=100/200 frames resolution=320x320
O3:27 4 possible loaded motion=0.001176 windows=12 read=100/200 frames resolution=320x320
O3:27 pair=2 2 possible localized=0.566638 all=0.567910 differentiable=True active_tokens_mean=896.0
O3:27 pair=2 3 impossible localized=0.573250 all=0.575612 differentiable=True active_tokens_mean=896.0
O3:27 pair=4 4 possible localized=0.568052 all=0.568100 differentiable=True active_tokens_mean=896.0
O3:27 pair=4 1 impossible localized=0.573719 all=0.575353 differentiable=True active_tokens_mean=896.0
O3:28 1 possible loaded motion=0.002002 windows=12 read=100/200 frames resolution=320x320
O3:28 2 impossible loaded motion=0.002176 windows=12 read=100/200 frames resolution=320x320
O3:28 3 impossible loaded motion=0.001825 windows=12 read=100/200 frames resolution=320x320
O3:28 4 possible loaded motion=0.001986 windows=12 read=100/200 frames resolution=320x320
O3:28 pair=1 1 possible localized=0.588151 all=0.591505 differentiable=True active_tokens_mean=950.9
O3:28 pair=1 3 impossible localized=0.588217 all=0.591505 differentiable=True active_tokens_mean=950.9
O3:28 pair=4 4 possible localized=0.582942 all=0.586302 differentiable=True active_tokens_mean=950.9
O3:28 pair=4 2 impossible localized=0.588076 all=0.586302 differentiable=True active_tokens_mean=950.9
O3:29 1 impossible loaded motion=0.008429 windows=12 read=100/200 frames resolution=320x320
O3:29 2 possible loaded motion=0.008428 windows=12 read=100/200 frames resolution=320x320
O3:29 3 impossible loaded motion=0.008437 windows=12 read=100/200 frames resolution=320x320
O3:29 4 possible loaded motion=0.008438 windows=12 read=100/200 frames resolution=320x320
O3:29 pair=2 2 possible localized=0.583552 all=0.615582 differentiable=True active_tokens_mean=682.7
O3:29 pair=2 1 impossible localized=0.584884 all=0.615582 differentiable=True active_tokens_mean=682.7
O3:29 pair=4 4 possible localized=0.582928 all=0.616174 differentiable=True active_tokens_mean=682.7
O3:29 pair=4 3 impossible localized=0.582652 all=0.616174 differentiable=True active_tokens_mean=682.7
O3:30 1 possible loaded motion=0.010508 windows=12 read=100/200 frames resolution=320x320
O3:30 2 impossible loaded motion=0.010314 windows=12 read=100/200 frames resolution=320x320
O3:30 3 possible loaded motion=0.010434 windows=12 read=100/200 frames resolution=320x320
O3:30 4 impossible loaded motion=0.010628 windows=12 read=100/200 frames resolution=320x320
O3:30 pair=1 1 possible localized=0.616948 all=0.616948 differentiable=True active_tokens_mean=832.0
O3:30 pair=1 2 impossible localized=0.617835 all=0.617834 differentiable=True active_tokens_mean=832.0
O3:30 pair=3 3 possible localized=0.617835 all=0.617834 differentiable=True active_tokens_mean=832.0
O3:30 pair=3 4 impossible localized=0.616948 all=0.616948 differentiable=True active_tokens_mean=832.0
Scored 204 new movie row(s) this run; CSV now at outputs/intphys_probe_full.csv.
Run complete-CSV analysis for the powered accuracy (do not trust a partial in-run report).
  (probe exited 0)
DONE: outputs/intphys_probe_full.csv has 361 lines (>= 361) after 1 attempt(s).
